
======================================================================
Tests run: 46
Failures: 1
Errors: 0
Skipped: 2
======================================================================
